// Jest Snapshot v1, https://goo.gl/fbAQLP

exports[`index works 1`] = `
Object {
  "features": Object {
    "ghcr.io/devcontainers/features/docker-in-docker:2": Object {},
  },
  "image": "mcr.microsoft.com/devcontainers/javascript-node:1-18",
  "updateContentCommand": "pnpm install --frozen-lockfile",
}
`;
