// Jest Snapshot v1, https://goo.gl/fbAQLP

exports[`prepare valid 1`] = `
"<!-- TITLE/ -->
# foo
<!-- /TITLE -->

<!-- BADGES/ -->
[![npm version](https://img.shields.io/npm/v/foo.svg)](https://npmjs.org/package/foo)
![Linux macOS Windows compatible](https://img.shields.io/badge/os-linux%20%7C%C2%A0macos%20%7C%C2%A0windows-blue)
[![Build status](https://github.com/dword-design/bar/workflows/build/badge.svg)](https://github.com/dword-design/bar/actions)
[![Coverage status](https://codecov.io/gh/dword-design/bar/branch/master/graph/badge.svg)](https://codecov.io/gh/dword-design/bar)
[![Dependency status](https://img.shields.io/david/dword-design/bar)](https://david-dm.org/dword-design/bar)
![Renovate enabled](https://img.shields.io/badge/renovate-enabled-brightgreen)

<a href=\\"https://gitpod.io/#https://github.com/dword-design/bar\\">
  <img src=\\"https://gitpod.io/button/open-in-gitpod.svg\\" alt=\\"Open in Gitpod\\">
</a><a href=\\"https://www.buymeacoffee.com/dword\\">
  <img
    src=\\"https://www.buymeacoffee.com/assets/img/guidelines/download-assets-sm-2.svg\\"
    alt=\\"Buy Me a Coffee\\"
    height=\\"32\\"
  >
</a><a href=\\"https://paypal.me/SebastianLandwehr\\">
  <img
    src=\\"https://dword-design.de/images/paypal.svg\\"
    alt=\\"PayPal\\"
    height=\\"32\\"
  >
</a><a href=\\"https://www.patreon.com/dworddesign\\">
  <img
    src=\\"https://dword-design.de/images/patreon.svg\\"
    alt=\\"Patreon\\"
    height=\\"32\\"
  >
</a>
<!-- /BADGES -->

<!-- DESCRIPTION/ -->

<!-- /DESCRIPTION -->

<!-- INSTALL/ -->
## Install

\`\`\`bash
# npm
$ npm install foo

# Yarn
$ yarn add foo
\`\`\`
<!-- /INSTALL -->

<!-- LICENSE/ -->
## License

Unless stated otherwise all works are:

Copyright &copy; Sebastian Landwehr <info@dword-design.de>

and licensed under:

[MIT License](https://opensource.org/licenses/MIT)
<!-- /LICENSE -->
"
`;
