// Jest Snapshot v1, https://goo.gl/fbAQLP

exports[`index valid 1`] = `
Object {
  "editor.tabSize": 2,
  "files.autoSave": "off",
  "files.exclude": Object {
    ".babelrc.json": true,
    ".commitlintrc.json": true,
    ".cz.json": true,
    ".devcontainer": true,
    ".editorconfig": true,
    ".eslintrc.json": true,
    ".gitattributes": true,
    ".github": true,
    ".gitignore": true,
    ".gitpod.Dockerfile": true,
    ".gitpod.yml": true,
    ".husky": true,
    ".nyc_output": true,
    ".releaserc.json": true,
    ".renovaterc.json": true,
    ".vscode": true,
    "CHANGELOG.md": true,
    "LICENSE.md": true,
    "bar": true,
    "coverage": true,
    "foo": true,
    "node_modules": true,
    "yarn.lock": true,
  },
  "workbench.editor.enablePreview": false,
}
`;
